Archive member included to satisfy reference by file (symbol)

/usr/lib/gcc/arm-none-eabi/12.2.1/thumb/v6-m/nofp/libgcc.a(_dvmd_tls.o)
                              CMakeFiles/test.dir/home/master/DEVELOPMENT/pico/pico-sdk/src/rp2_common/pico_divider/divider.S.obj (__aeabi_idiv0)
/usr/lib/gcc/arm-none-eabi/12.2.1/../../../arm-none-eabi/lib/thumb/v6-m/nofp/libc.a(lib_a-atexit.o)
                              /usr/lib/gcc/arm-none-eabi/12.2.1/../../../arm-none-eabi/lib/thumb/v6-m/nofp/crt0.o (atexit)
/usr/lib/gcc/arm-none-eabi/12.2.1/../../../arm-none-eabi/lib/thumb/v6-m/nofp/libc.a(lib_a-calloc.o)
                              CMakeFiles/test.dir/home/master/DEVELOPMENT/pico/pico-sdk/src/rp2_common/pico_malloc/pico_malloc.c.obj (calloc)
/usr/lib/gcc/arm-none-eabi/12.2.1/../../../arm-none-eabi/lib/thumb/v6-m/nofp/libc.a(lib_a-callocr.o)
                              /usr/lib/gcc/arm-none-eabi/12.2.1/../../../arm-none-eabi/lib/thumb/v6-m/nofp/libc.a(lib_a-calloc.o) (_calloc_r)
/usr/lib/gcc/arm-none-eabi/12.2.1/../../../arm-none-eabi/lib/thumb/v6-m/nofp/libc.a(lib_a-fini.o)
                              /usr/lib/gcc/arm-none-eabi/12.2.1/../../../arm-none-eabi/lib/thumb/v6-m/nofp/crt0.o (__libc_fini_array)
/usr/lib/gcc/arm-none-eabi/12.2.1/../../../arm-none-eabi/lib/thumb/v6-m/nofp/libc.a(lib_a-impure.o)
                              /usr/lib/gcc/arm-none-eabi/12.2.1/../../../arm-none-eabi/lib/thumb/v6-m/nofp/libc.a(lib_a-calloc.o) (_impure_ptr)
/usr/lib/gcc/arm-none-eabi/12.2.1/../../../arm-none-eabi/lib/thumb/v6-m/nofp/libc.a(lib_a-init.o)
                              /usr/lib/gcc/arm-none-eabi/12.2.1/../../../arm-none-eabi/lib/thumb/v6-m/nofp/crt0.o (__libc_init_array)
/usr/lib/gcc/arm-none-eabi/12.2.1/../../../arm-none-eabi/lib/thumb/v6-m/nofp/libc.a(lib_a-malloc.o)
                              CMakeFiles/test.dir/home/master/DEVELOPMENT/pico/pico-sdk/src/rp2_common/pico_malloc/pico_malloc.c.obj (malloc)
/usr/lib/gcc/arm-none-eabi/12.2.1/../../../arm-none-eabi/lib/thumb/v6-m/nofp/libc.a(lib_a-mallocr.o)
                              /usr/lib/gcc/arm-none-eabi/12.2.1/../../../arm-none-eabi/lib/thumb/v6-m/nofp/libc.a(lib_a-callocr.o) (_malloc_r)
/usr/lib/gcc/arm-none-eabi/12.2.1/../../../arm-none-eabi/lib/thumb/v6-m/nofp/libc.a(lib_a-mlock.o)
                              /usr/lib/gcc/arm-none-eabi/12.2.1/../../../arm-none-eabi/lib/thumb/v6-m/nofp/libc.a(lib_a-mallocr.o) (__malloc_lock)
/usr/lib/gcc/arm-none-eabi/12.2.1/../../../arm-none-eabi/lib/thumb/v6-m/nofp/libc.a(lib_a-realloc.o)
                              CMakeFiles/test.dir/home/master/DEVELOPMENT/pico/pico-sdk/src/rp2_common/pico_malloc/pico_malloc.c.obj (realloc)
/usr/lib/gcc/arm-none-eabi/12.2.1/../../../arm-none-eabi/lib/thumb/v6-m/nofp/libc.a(lib_a-reallocr.o)
                              /usr/lib/gcc/arm-none-eabi/12.2.1/../../../arm-none-eabi/lib/thumb/v6-m/nofp/libc.a(lib_a-realloc.o) (_realloc_r)
/usr/lib/gcc/arm-none-eabi/12.2.1/../../../arm-none-eabi/lib/thumb/v6-m/nofp/libc.a(lib_a-sbrkr.o)
                              /usr/lib/gcc/arm-none-eabi/12.2.1/../../../arm-none-eabi/lib/thumb/v6-m/nofp/libc.a(lib_a-mallocr.o) (_sbrk_r)
/usr/lib/gcc/arm-none-eabi/12.2.1/../../../arm-none-eabi/lib/thumb/v6-m/nofp/libc.a(lib_a-strlen-stub.o)
                              CMakeFiles/test.dir/home/master/DEVELOPMENT/pico/pico-sdk/src/rp2_common/pico_stdio/stdio.c.obj (strlen)
/usr/lib/gcc/arm-none-eabi/12.2.1/../../../arm-none-eabi/lib/thumb/v6-m/nofp/libc.a(lib_a-__atexit.o)
                              /usr/lib/gcc/arm-none-eabi/12.2.1/../../../arm-none-eabi/lib/thumb/v6-m/nofp/libc.a(lib_a-atexit.o) (__register_exitproc)
/usr/lib/gcc/arm-none-eabi/12.2.1/../../../arm-none-eabi/lib/thumb/v6-m/nofp/libc.a(lib_a-freer.o)
                              /usr/lib/gcc/arm-none-eabi/12.2.1/../../../arm-none-eabi/lib/thumb/v6-m/nofp/libc.a(lib_a-malloc.o) (_free_r)
/usr/lib/gcc/arm-none-eabi/12.2.1/../../../arm-none-eabi/lib/thumb/v6-m/nofp/libc.a(lib_a-memmove.o)
                              /usr/lib/gcc/arm-none-eabi/12.2.1/../../../arm-none-eabi/lib/thumb/v6-m/nofp/libc.a(lib_a-reallocr.o) (memmove)
/usr/lib/gcc/arm-none-eabi/12.2.1/../../../arm-none-eabi/lib/thumb/v6-m/nofp/libc.a(lib_a-reent.o)
                              /usr/lib/gcc/arm-none-eabi/12.2.1/../../../arm-none-eabi/lib/thumb/v6-m/nofp/libc.a(lib_a-sbrkr.o) (errno)

Discarded input sections

 .text          0x00000000        0x0 /usr/lib/gcc/arm-none-eabi/12.2.1/thumb/v6-m/nofp/crti.o
 .data          0x00000000        0x0 /usr/lib/gcc/arm-none-eabi/12.2.1/thumb/v6-m/nofp/crti.o
 .bss           0x00000000        0x0 /usr/lib/gcc/arm-none-eabi/12.2.1/thumb/v6-m/nofp/crti.o
 .data          0x00000000        0x4 /usr/lib/gcc/arm-none-eabi/12.2.1/thumb/v6-m/nofp/crtbegin.o
 .rodata        0x00000000       0x24 /usr/lib/gcc/arm-none-eabi/12.2.1/thumb/v6-m/nofp/crtbegin.o
 .fini_array    0x00000000        0x4 /usr/lib/gcc/arm-none-eabi/12.2.1/thumb/v6-m/nofp/crtbegin.o
[...]
Memory Configuration

Name             Origin             Length             Attributes
FLASH            0x10000000         0x00200000         xr
RAM              0x20000000         0x00040000         xrw
SCRATCH_X        0x20040000         0x00001000         xrw
SCRATCH_Y        0x20041000         0x00001000         xrw
*default*        0x00000000         0xffffffff

Linker script and memory map

LOAD /usr/lib/gcc/arm-none-eabi/12.2.1/thumb/v6-m/nofp/crti.o
LOAD /usr/lib/gcc/arm-none-eabi/12.2.1/thumb/v6-m/nofp/crtbegin.o
LOAD /usr/lib/gcc/arm-none-eabi/12.2.1/../../../arm-none-eabi/lib/thumb/v6-m/nofp/crt0.o

.flash_begin    0x10000000        0x0
                0x10000000                        __flash_binary_start = .

.boot2          0x10000000      0x100
                0x10000000                        __boot2_start__ = .
 *(.boot2)
 .boot2         0x10000000      0x100 /tmp/ccjrjxCF.o
                0x10000100                        __boot2_end__ = .
                0x00000001                        ASSERT (((__boot2_end__ - __boot2_start__) == 0x100), ERROR: Pico second stage bootloader must be 256 bytes in size)

.text           0x10000100     0x2b18
                0x10000100                        __logical_binary_start = .
 *(.vectors)
 .vectors       0x10000100       0xd4 CMakeFiles/test.dir/home/master/DEVELOPMENT/pico/pico-sdk/src/rp2_common/pico_standard_link/crt0.S.obj
                0x10000100                __vectors
                0x10000100                __VECTOR_TABLE
                0x100001c0                isr_invalid
                0x100001c0                __default_isrs_start
                0x100001c2                isr_nmi
                0x100001c4                isr_hardfault
                0x100001c6                isr_svcall
                0x100001c8                isr_pendsv
                0x100001ca                isr_systick
                0x100001cc                isr_irq30
                0x100001cc                __unhandled_user_irq
                0x100001cc                isr_irq13
                0x100001cc                isr_irq27
                0x100001cc                isr_irq31
                0x100001cc                isr_irq5
                0x100001cc                isr_irq11
                0x100001cc                isr_irq23
                0x100001cc                isr_irq18
                0x100001cc                isr_irq28
                0x100001cc                isr_irq19
                0x100001cc                isr_irq0
                0x100001cc                isr_irq6
                0x100001cc                isr_irq22
                0x100001cc                isr_irq17
                0x100001cc                isr_irq14
                0x100001cc                isr_irq2
                0x100001cc                isr_irq10
                0x100001cc                isr_irq8
                0x100001cc                isr_irq24
                0x100001cc                isr_irq1
                0x100001cc                isr_irq7
                0x100001cc                isr_irq21
                0x100001cc                isr_irq20
                0x100001cc                isr_irq15
                0x100001cc                isr_irq25
                0x100001cc                isr_irq4
                0x100001cc                isr_irq16
                0x100001cc                isr_irq29
                0x100001cc                isr_irq26
                0x100001cc                __default_isrs_end
                0x100001cc                isr_irq3
                0x100001cc                isr_irq12
                0x100001cc                isr_irq9
                0x100001d2                unhandled_user_irq_num_in_r0
 *(.binary_info_header)
 .binary_info_header
                0x100001d4       0x14 CMakeFiles/test.dir/home/master/DEVELOPMENT/pico/pico-sdk/src/rp2_common/pico_standard_link/crt0.S.obj
                0x100001e8                        __binary_info_header_end = .
 *(.reset)
 .reset         0x100001e8       0xa0 CMakeFiles/test.dir/home/master/DEVELOPMENT/pico/pico-sdk/src/rp2_common/pico_standard_link/crt0.S.obj
                0x100001e8                _entry_point
 .reset         0x10000288       0x30 CMakeFiles/test.dir/home/master/DEVELOPMENT/pico/pico-sdk/src/rp2_common/pico_standard_link/binary_info.c.obj
 *(.init)
 .init          0x100002b8        0x4 /usr/lib/gcc/arm-none-eabi/12.2.1/thumb/v6-m/nofp/crti.o
                0x100002b8                _init
 *(EXCLUDE_FILE(*libm.a: *libc.a:*lib_a-mem*.o *libgcc.a:) .text*)
 .text          0x100002bc       0x98 /usr/lib/gcc/arm-none-eabi/12.2.1/thumb/v6-m/nofp/crtbegin.o
 .text.i2c_slave_handler
                0x10000354       0x64 CMakeFiles/test.dir/test.c.obj
 .text.startup.main
                0x100003b8      0x5e0 CMakeFiles/test.dir/test.c.obj
                0x100003b8                main
 .text.i2c_slave_init
                0x10000998       0x48 CMakeFiles/test.dir/home/master/DEVELOPMENT/pico/pico-sdk/src/rp2_common/pico_i2c_slave/i2c_slave.c.obj
                0x10000998                i2c_slave_init
 .text.i2c_set_baudrate
                0x100009e0       0xc4 CMakeFiles/test.dir/home/master/DEVELOPMENT/pico/pico-sdk/src/rp2_common/hardware_i2c/i2c.c.obj
                0x100009e0                i2c_set_baudrate
 .text.i2c_init
                0x10000aa4       0x54 CMakeFiles/test.dir/home/master/DEVELOPMENT/pico/pico-sdk/src/rp2_common/hardware_i2c/i2c.c.obj
                0x10000aa4                i2c_init
 .text.i2c_set_slave_mode
                0x10000af8       0x40 CMakeFiles/test.dir/home/master/DEVELOPMENT/pico/pico-sdk/src/rp2_common/hardware_i2c/i2c.c.obj
                0x10000af8                i2c_set_slave_mode
 .text.running_on_fpga
                0x10000b38       0x10 CMakeFiles/test.dir/home/master/DEVELOPMENT/pico/pico-sdk/src/rp2_common/pico_platform/platform.c.obj
                0x10000b38                running_on_fpga
 .text.hw_claim_or_assert
                0x10000b48       0x44 CMakeFiles/test.dir/home/master/DEVELOPMENT/pico/pico-sdk/src/rp2_common/hardware_claim/claim.c.obj
                0x10000b48                hw_claim_or_assert
 .text.spin_locks_reset
                0x10000b8c       0x1c CMakeFiles/test.dir/home/master/DEVELOPMENT/pico/pico-sdk/src/rp2_common/hardware_sync/sync.c.obj
                0x10000b8c                spin_locks_reset
 .text.next_striped_spin_lock_num
                0x10000ba8       0x18 CMakeFiles/test.dir/home/master/DEVELOPMENT/pico/pico-sdk/src/rp2_common/hardware_sync/sync.c.obj
                0x10000ba8                next_striped_spin_lock_num
 .text.timer_pool_entry_comparator
                0x10000bc0       0x34 CMakeFiles/test.dir/home/master/DEVELOPMENT/pico/pico-sdk/src/common/pico_time/time.c.obj
                0x10000bc0                timer_pool_entry_comparator
 .text.sleep_until_callback
                0x10000bf4       0x30 CMakeFiles/test.dir/home/master/DEVELOPMENT/pico/pico-sdk/src/common/pico_time/time.c.obj
 .text.add_alarm_under_lock.isra.0
                0x10000c24      0x100 CMakeFiles/test.dir/home/master/DEVELOPMENT/pico/pico-sdk/src/common/pico_time/time.c.obj
 .text.alarm_pool_alarm_callback
                0x10000d24      0x1c0 CMakeFiles/test.dir/home/master/DEVELOPMENT/pico/pico-sdk/src/common/pico_time/time.c.obj
 .text.alarm_pool_init_default
                0x10000ee4       0x6c CMakeFiles/test.dir/home/master/DEVELOPMENT/pico/pico-sdk/src/common/pico_time/time.c.obj
                0x10000ee4                alarm_pool_init_default
 .text.alarm_pool_add_alarm_at
                0x10000f50      0x188 CMakeFiles/test.dir/home/master/DEVELOPMENT/pico/pico-sdk/src/common/pico_time/time.c.obj
                0x10000f50                alarm_pool_add_alarm_at
 .text.sleep_until
                0x100010d8       0xc4 CMakeFiles/test.dir/home/master/DEVELOPMENT/pico/pico-sdk/src/common/pico_time/time.c.obj
                0x100010d8                sleep_until
 .text.sleep_ms
                0x1000119c       0x38 CMakeFiles/test.dir/home/master/DEVELOPMENT/pico/pico-sdk/src/common/pico_time/time.c.obj
                0x1000119c                sleep_ms
 .text.best_effort_wfe_or_timeout
                0x100011d4       0xec CMakeFiles/test.dir/home/master/DEVELOPMENT/pico/pico-sdk/src/common/pico_time/time.c.obj
                0x100011d4                best_effort_wfe_or_timeout
 .text.hardware_alarm_irq_handler
                0x100012c0       0xbc CMakeFiles/test.dir/home/master/DEVELOPMENT/pico/pico-sdk/src/rp2_common/hardware_timer/timer.c.obj
 .text.hardware_alarm_claim
                0x1000137c       0x18 CMakeFiles/test.dir/home/master/DEVELOPMENT/pico/pico-sdk/src/rp2_common/hardware_timer/timer.c.obj
                0x1000137c                hardware_alarm_claim
 .text.time_us_64
                0x10001394       0x14 CMakeFiles/test.dir/home/master/DEVELOPMENT/pico/pico-sdk/src/rp2_common/hardware_timer/timer.c.obj
                0x10001394                time_us_64
 .text.busy_wait_us
                0x100013a8       0x68 CMakeFiles/test.dir/home/master/DEVELOPMENT/pico/pico-sdk/src/rp2_common/hardware_timer/timer.c.obj
                0x100013a8                busy_wait_us
 .text.busy_wait_until
                0x10001410       0x20 CMakeFiles/test.dir/home/master/DEVELOPMENT/pico/pico-sdk/src/rp2_common/hardware_timer/timer.c.obj
                0x10001410                busy_wait_until
 .text.hardware_alarm_set_callback
                0x10001430       0x8c CMakeFiles/test.dir/home/master/DEVELOPMENT/pico/pico-sdk/src/rp2_common/hardware_timer/timer.c.obj
                0x10001430                hardware_alarm_set_callback
 .text.hardware_alarm_set_target
                0x100014bc       0xd0 CMakeFiles/test.dir/home/master/DEVELOPMENT/pico/pico-sdk/src/rp2_common/hardware_timer/timer.c.obj
                0x100014bc                hardware_alarm_set_target
 .text.hardware_alarm_cancel
                0x1000158c       0x3c CMakeFiles/test.dir/home/master/DEVELOPMENT/pico/pico-sdk/src/rp2_common/hardware_timer/timer.c.obj
                0x1000158c                hardware_alarm_cancel
 .text.irq_set_enabled
                0x100015c8       0x24 CMakeFiles/test.dir/home/master/DEVELOPMENT/pico/pico-sdk/src/rp2_common/hardware_irq/irq.c.obj
                0x100015c8                irq_set_enabled
 .text.irq_get_vtable_handler
                0x100015ec       0x10 CMakeFiles/test.dir/home/master/DEVELOPMENT/pico/pico-sdk/src/rp2_common/hardware_irq/irq.c.obj
                0x100015ec                irq_get_vtable_handler
 .text.irq_set_exclusive_handler
                0x100015fc       0x54 CMakeFiles/test.dir/home/master/DEVELOPMENT/pico/pico-sdk/src/rp2_common/hardware_irq/irq.c.obj
                0x100015fc                irq_set_exclusive_handler
 .text.irq_remove_handler
                0x10001650      0x1c4 CMakeFiles/test.dir/home/master/DEVELOPMENT/pico/pico-sdk/src/rp2_common/hardware_irq/irq.c.obj
                0x10001650                irq_remove_handler
 .text.irq_add_tail_to_free_list
                0x10001814       0xb4 CMakeFiles/test.dir/home/master/DEVELOPMENT/pico/pico-sdk/src/rp2_common/hardware_irq/irq.c.obj
                0x10001814                irq_add_tail_to_free_list
 .text.irq_init_priorities
                0x100018c8       0x24 CMakeFiles/test.dir/home/master/DEVELOPMENT/pico/pico-sdk/src/rp2_common/hardware_irq/irq.c.obj
                0x100018c8                irq_init_priorities
 .text.lock_init
                0x100018ec       0x10 CMakeFiles/test.dir/home/master/DEVELOPMENT/pico/pico-sdk/src/common/pico_sync/lock_core.c.obj
                0x100018ec                lock_init
 .text.mutex_init
                0x100018fc       0x1c CMakeFiles/test.dir/home/master/DEVELOPMENT/pico/pico-sdk/src/common/pico_sync/mutex.c.obj
                0x100018fc                mutex_init
 .text.recursive_mutex_init
                0x10001918       0x1c CMakeFiles/test.dir/home/master/DEVELOPMENT/pico/pico-sdk/src/common/pico_sync/mutex.c.obj
                0x10001918                recursive_mutex_init
 .text.ph_merge_nodes
                0x10001934       0x64 CMakeFiles/test.dir/home/master/DEVELOPMENT/pico/pico-sdk/src/common/pico_util/pheap.c.obj
 .text.ph_post_alloc_init
                0x10001998       0x3c CMakeFiles/test.dir/home/master/DEVELOPMENT/pico/pico-sdk/src/common/pico_util/pheap.c.obj
                0x10001998                ph_post_alloc_init
 .text.ph_merge_two_pass
                0x100019d4       0x98 CMakeFiles/test.dir/home/master/DEVELOPMENT/pico/pico-sdk/src/common/pico_util/pheap.c.obj
                0x100019d4                ph_merge_two_pass
 .text.ph_remove_any_head
                0x10001a6c      0x100 CMakeFiles/test.dir/home/master/DEVELOPMENT/pico/pico-sdk/src/common/pico_util/pheap.c.obj
 .text.ph_remove_head
                0x10001b6c      0x104 CMakeFiles/test.dir/home/master/DEVELOPMENT/pico/pico-sdk/src/common/pico_util/pheap.c.obj
                0x10001b6c                ph_remove_head
 .text.ph_remove_and_free_node
                0x10001c70       0x78 CMakeFiles/test.dir/home/master/DEVELOPMENT/pico/pico-sdk/src/common/pico_util/pheap.c.obj
                0x10001c70                ph_remove_and_free_node
 .text.clocks_init
                0x10001ce8      0x2c8 CMakeFiles/test.dir/home/master/DEVELOPMENT/pico/pico-sdk/src/rp2_common/hardware_clocks/clocks.c.obj
                0x10001ce8                clocks_init
 .text.clock_get_hz
                0x10001fb0        0xc CMakeFiles/test.dir/home/master/DEVELOPMENT/pico/pico-sdk/src/rp2_common/hardware_clocks/clocks.c.obj
                0x10001fb0                clock_get_hz
 .text.gpio_set_function
                0x10001fbc       0x30 CMakeFiles/test.dir/home/master/DEVELOPMENT/pico/pico-sdk/src/rp2_common/hardware_gpio/gpio.c.obj
                0x10001fbc                gpio_set_function
 .text.gpio_set_pulls
                0x10001fec       0x24 CMakeFiles/test.dir/home/master/DEVELOPMENT/pico/pico-sdk/src/rp2_common/hardware_gpio/gpio.c.obj
                0x10001fec                gpio_set_pulls
 .text.gpio_set_input_enabled
                0x10002010       0x28 CMakeFiles/test.dir/home/master/DEVELOPMENT/pico/pico-sdk/src/rp2_common/hardware_gpio/gpio.c.obj
                0x10002010                gpio_set_input_enabled
 .text.gpio_init
                0x10002038       0x3c CMakeFiles/test.dir/home/master/DEVELOPMENT/pico/pico-sdk/src/rp2_common/hardware_gpio/gpio.c.obj
                0x10002038                gpio_init
 .text.pll_init
                0x10002074       0xa0 CMakeFiles/test.dir/home/master/DEVELOPMENT/pico/pico-sdk/src/rp2_common/hardware_pll/pll.c.obj
                0x10002074                pll_init
 .text.watchdog_start_tick
                0x10002114       0x10 CMakeFiles/test.dir/home/master/DEVELOPMENT/pico/pico-sdk/src/rp2_common/hardware_watchdog/watchdog.c.obj
                0x10002114                watchdog_start_tick
 .text.xosc_init
                0x10002124       0x28 CMakeFiles/test.dir/home/master/DEVELOPMENT/pico/pico-sdk/src/rp2_common/hardware_xosc/xosc.c.obj
                0x10002124                xosc_init
 .text.adc_init
                0x1000214c       0x38 CMakeFiles/test.dir/home/master/DEVELOPMENT/pico/pico-sdk/src/rp2_common/hardware_adc/adc.c.obj
                0x1000214c                adc_init
 .text.uart_init
                0x10002184      0x188 CMakeFiles/test.dir/home/master/DEVELOPMENT/pico/pico-sdk/src/rp2_common/hardware_uart/uart.c.obj
                0x10002184                uart_init
 .text.runtime_init
                0x1000230c       0xf0 CMakeFiles/test.dir/home/master/DEVELOPMENT/pico/pico-sdk/src/rp2_common/pico_runtime/runtime.c.obj
                0x1000230c                runtime_init
 .text._exit    0x100023fc        0x4 CMakeFiles/test.dir/home/master/DEVELOPMENT/pico/pico-sdk/src/rp2_common/pico_runtime/runtime.c.obj
                0x100023fc                _exit
 .text.exit     0x10002400        0x8 CMakeFiles/test.dir/home/master/DEVELOPMENT/pico/pico-sdk/src/rp2_common/pico_runtime/runtime.c.obj
                0x10002400                exit
 .text.panic    0x10002408       0x30 CMakeFiles/test.dir/home/master/DEVELOPMENT/pico/pico-sdk/src/rp2_common/pico_runtime/runtime.c.obj
                0x10002408                panic
 .text.hard_assertion_failure
                0x10002438        0xc CMakeFiles/test.dir/home/master/DEVELOPMENT/pico/pico-sdk/src/rp2_common/pico_runtime/runtime.c.obj
                0x10002438                hard_assertion_failure
 .text._out_char
                0x10002444       0x10 CMakeFiles/test.dir/home/master/DEVELOPMENT/pico/pico-sdk/src/rp2_common/pico_printf/printf.c.obj
 .text.weak_raw_vprintf
                0x10002454       0x30 CMakeFiles/test.dir/home/master/DEVELOPMENT/pico/pico-sdk/src/rp2_common/pico_printf/printf.c.obj
                0x10002454                weak_raw_vprintf
 .text          0x10002484       0x10 CMakeFiles/test.dir/home/master/DEVELOPMENT/pico/pico-sdk/src/rp2_common/pico_bit_ops/bit_ops_aeabi.S.obj
 .text.rom_func_lookup
                0x10002494       0x10 CMakeFiles/test.dir/home/master/DEVELOPMENT/pico/pico-sdk/src/rp2_common/pico_bootrom/bootrom.c.obj
                0x10002494                rom_func_lookup
 .text.rom_data_lookup
                0x100024a4       0x10 CMakeFiles/test.dir/home/master/DEVELOPMENT/pico/pico-sdk/src/rp2_common/pico_bootrom/bootrom.c.obj
                0x100024a4                rom_data_lookup
 .text.rom_funcs_lookup
                0x100024b4       0x44 CMakeFiles/test.dir/home/master/DEVELOPMENT/pico/pico-sdk/src/rp2_common/pico_bootrom/bootrom.c.obj
                0x100024b4                rom_funcs_lookup
 .text.__wrap___aeabi_idiv
                0x100024f8       0x50 CMakeFiles/test.dir/home/master/DEVELOPMENT/pico/pico-sdk/src/rp2_common/pico_divider/divider.S.obj
                0x100024f8                __wrap___aeabi_idivmod
                0x100024f8                divmod_s32s32
                0x100024f8                div_s32s32
                0x100024f8                __wrap___aeabi_idiv
                0x10002500                divmod_s32s32_unsafe
                0x1000252c                divmod_s32s32_savestate
 .text.__wrap___aeabi_uidiv
                0x10002548       0x4c CMakeFiles/test.dir/home/master/DEVELOPMENT/pico/pico-sdk/src/rp2_common/pico_divider/divider.S.obj
                0x10002548                __wrap___aeabi_uidiv
                0x10002548                __wrap___aeabi_uidivmod
                0x10002548                div_u32u32
                0x10002548                divmod_u32u32
                0x10002550                divmod_u32u32_unsafe
                0x10002578                divmod_u32u32_savestate
 .text.__aeabi_double_init
                0x10002594       0x98 CMakeFiles/test.dir/home/master/DEVELOPMENT/pico/pico-sdk/src/rp2_common/pico_double/double_init_rom.c.obj
                0x10002594                __aeabi_double_init
 .text.double_table_shim_on_use_helper
                0x1000262c       0x2c CMakeFiles/test.dir/home/master/DEVELOPMENT/pico/pico-sdk/src/rp2_common/pico_double/double_v1_rom_shim.S.obj
                0x1000262c                double_table_shim_on_use_helper
 .text.__aeabi_lmul
                0x10002658       0x32 CMakeFiles/test.dir/home/master/DEVELOPMENT/pico/pico-sdk/src/rp2_common/pico_int64_ops/pico_int64_ops_aeabi.S.obj
                0x10002658                __wrap___aeabi_lmul
 *fill*         0x1000268a        0x2 
 .text.__aeabi_float_init
                0x1000268c       0x64 CMakeFiles/test.dir/home/master/DEVELOPMENT/pico/pico-sdk/src/rp2_common/pico_float/float_init_rom.c.obj
                0x1000268c                __aeabi_float_init
 .text.float_table_shim_on_use_helper
                0x100026f0       0x2c CMakeFiles/test.dir/home/master/DEVELOPMENT/pico/pico-sdk/src/rp2_common/pico_float/float_v1_rom_shim.S.obj
                0x100026f0                float_table_shim_on_use_helper
 .text          0x1000271c       0x10 CMakeFiles/test.dir/home/master/DEVELOPMENT/pico/pico-sdk/src/rp2_common/pico_mem_ops/mem_ops_aeabi.S.obj
                0x1000271c                __aeabi_mem_init
 .text.memcpy   0x1000272c        0xc CMakeFiles/test.dir/home/master/DEVELOPMENT/pico/pico-sdk/src/rp2_common/pico_mem_ops/mem_ops_aeabi.S.obj
                0x1000272c                __wrap___aeabi_memcpy
                0x1000272c                __wrap_memcpy
 .text.stdio_out_chars_crlf
                0x10002738       0xbc CMakeFiles/test.dir/home/master/DEVELOPMENT/pico/pico-sdk/src/rp2_common/pico_stdio/stdio.c.obj
 .text.__wrap_putchar
                0x100027f4       0x98 CMakeFiles/test.dir/home/master/DEVELOPMENT/pico/pico-sdk/src/rp2_common/pico_stdio/stdio.c.obj
                0x100027f4                __wrap_putchar
 .text.__wrap_puts
                0x1000288c       0xe0 CMakeFiles/test.dir/home/master/DEVELOPMENT/pico/pico-sdk/src/rp2_common/pico_stdio/stdio.c.obj
                0x1000288c                __wrap_puts
 .text.stdio_set_driver_enabled
                0x1000296c       0x30 CMakeFiles/test.dir/home/master/DEVELOPMENT/pico/pico-sdk/src/rp2_common/pico_stdio/stdio.c.obj
                0x1000296c                stdio_set_driver_enabled
 .text.stdio_init_all
                0x1000299c        0xc CMakeFiles/test.dir/home/master/DEVELOPMENT/pico/pico-sdk/src/rp2_common/pico_stdio/stdio.c.obj
                0x1000299c                stdio_init_all
 .text.stdio_uart_out_chars
                0x100029a8       0x4c CMakeFiles/test.dir/home/master/DEVELOPMENT/pico/pico-sdk/src/rp2_common/pico_stdio_uart/stdio_uart.c.obj
 .text.stdio_uart_in_chars
                0x100029f4       0x98 CMakeFiles/test.dir/home/master/DEVELOPMENT/pico/pico-sdk/src/rp2_common/pico_stdio_uart/stdio_uart.c.obj
                0x100029f4                stdio_uart_in_chars
 .text.on_uart_rx
                0x10002a8c       0x28 CMakeFiles/test.dir/home/master/DEVELOPMENT/pico/pico-sdk/src/rp2_common/pico_stdio_uart/stdio_uart.c.obj
 .text.stdio_uart_set_chars_available_callback
                0x10002ab4       0x8c CMakeFiles/test.dir/home/master/DEVELOPMENT/pico/pico-sdk/src/rp2_common/pico_stdio_uart/stdio_uart.c.obj
 .text.stdio_uart_init
                0x10002b40       0x48 CMakeFiles/test.dir/home/master/DEVELOPMENT/pico/pico-sdk/src/rp2_common/pico_stdio_uart/stdio_uart.c.obj
                0x10002b40                stdio_uart_init
 .text          0x10002b88       0x5c /usr/lib/gcc/arm-none-eabi/12.2.1/../../../arm-none-eabi/lib/thumb/v6-m/nofp/libc.a(lib_a-strlen-stub.o)
                0x10002b88                strlen
 *(.fini)
 .fini          0x10002be4        0x4 /usr/lib/gcc/arm-none-eabi/12.2.1/thumb/v6-m/nofp/crti.o
                0x10002be4                _fini
 .fini.__stub   0x10002be8       0x30 linker stubs
 *crtbegin.o(.ctors)
 *crtbegin?.o(.ctors)
 *(EXCLUDE_FILE(*crtend.o *crtend?.o) .ctors)
 *(SORT_BY_NAME(.ctors.*))
 *(.ctors)
 *crtbegin.o(.dtors)
 *crtbegin?.o(.dtors)
 *(EXCLUDE_FILE(*crtend.o *crtend?.o) .dtors)
 *(SORT_BY_NAME(.dtors.*))
 *(.dtors)
 *(.eh_frame*)
 .eh_frame      0x10002c18        0x0 /usr/lib/gcc/arm-none-eabi/12.2.1/thumb/v6-m/nofp/crtbegin.o
                0x10002c18                        . = ALIGN (0x4)

.glue_7         0x10002c18        0x0
 .glue_7        0x10002c18        0x0 linker stubs

.glue_7t        0x10002c18        0x0
 .glue_7t       0x10002c18        0x0 linker stubs

.vfp11_veneer   0x10002c18        0x0
 .vfp11_veneer  0x10002c18        0x0 linker stubs

.v4_bx          0x10002c18        0x0
 .v4_bx         0x10002c18        0x0 linker stubs

.iplt           0x10002c18        0x0
 .iplt          0x10002c18        0x0 /usr/lib/gcc/arm-none-eabi/12.2.1/thumb/v6-m/nofp/crtbegin.o

.rodata         0x10002c18       0xe8
 *(EXCLUDE_FILE(*libm.a: *libc.a:*lib_a-mem*.o *libgcc.a:) .rodata*)
 .rodata.hardware_alarm_claim.str1.4
                0x10002c18       0x22 CMakeFiles/test.dir/home/master/DEVELOPMENT/pico/pico-sdk/src/rp2_common/hardware_timer/timer.c.obj
 *fill*         0x10002c3a        0x2 
 .rodata.panic.str1.4
                0x10002c3c       0x12 CMakeFiles/test.dir/home/master/DEVELOPMENT/pico/pico-sdk/src/rp2_common/pico_runtime/runtime.c.obj
 *fill*         0x10002c4e        0x2 
 .rodata.hard_assertion_failure.str1.4
                0x10002c50        0xc CMakeFiles/test.dir/home/master/DEVELOPMENT/pico/pico-sdk/src/rp2_common/pico_runtime/runtime.c.obj
 .rodata.str1.4
                0x10002c5c       0x3c CMakeFiles/test.dir/home/master/DEVELOPMENT/pico/pico-sdk/src/rp2_common/pico_standard_link/binary_info.c.obj
 .rodata.__bi_81
                0x10002c98        0xc CMakeFiles/test.dir/home/master/DEVELOPMENT/pico/pico-sdk/src/rp2_common/pico_standard_link/binary_info.c.obj
 .rodata.__bi_75
                0x10002ca4        0xc CMakeFiles/test.dir/home/master/DEVELOPMENT/pico/pico-sdk/src/rp2_common/pico_standard_link/binary_info.c.obj
 .rodata.__bi_44
                0x10002cb0        0xc CMakeFiles/test.dir/home/master/DEVELOPMENT/pico/pico-sdk/src/rp2_common/pico_standard_link/binary_info.c.obj
 .rodata.crlf_str.0
                0x10002cbc        0x2 CMakeFiles/test.dir/home/master/DEVELOPMENT/pico/pico-sdk/src/rp2_common/pico_stdio/stdio.c.obj
 *fill*         0x10002cbe        0x2 
 .rodata.str1.4
                0x10002cc0       0x2c CMakeFiles/test.dir/home/master/DEVELOPMENT/pico/pico-sdk/src/rp2_common/pico_stdio_uart/stdio_uart.c.obj
 .rodata.__bi_33.4
                0x10002cec        0xc CMakeFiles/test.dir/home/master/DEVELOPMENT/pico/pico-sdk/src/rp2_common/pico_stdio_uart/stdio_uart.c.obj
 .rodata.__bi_34.5
                0x10002cf8        0x8 CMakeFiles/test.dir/home/master/DEVELOPMENT/pico/pico-sdk/src/rp2_common/pico_stdio_uart/stdio_uart.c.obj
                0x10002d00                        . = ALIGN (0x4)
 *(SORT_BY_ALIGNMENT(SORT_BY_NAME(.flashdata*)))
                0x10002d00                        . = ALIGN (0x4)

.ARM.extab
 *(.ARM.extab* .gnu.linkonce.armextab.*)
                0x10002d00                        __exidx_start = .

.ARM.exidx
 *(.ARM.exidx* .gnu.linkonce.armexidx.*)
                0x10002d00                        __exidx_end = .
                0x10002d00                        . = ALIGN (0x4)
                0x10002d00                        __binary_info_start = .

.binary_info    0x10002d00       0x24
 *(.binary_info.keep.*)
 .binary_info.keep.__bi_ptr81
                0x10002d00        0x4 CMakeFiles/test.dir/home/master/DEVELOPMENT/pico/pico-sdk/src/rp2_common/pico_standard_link/binary_info.c.obj
 .binary_info.keep.__bi_ptr75
                0x10002d04        0x4 CMakeFiles/test.dir/home/master/DEVELOPMENT/pico/pico-sdk/src/rp2_common/pico_standard_link/binary_info.c.obj
 .binary_info.keep.__bi_ptr50
                0x10002d08        0x4 CMakeFiles/test.dir/home/master/DEVELOPMENT/pico/pico-sdk/src/rp2_common/pico_standard_link/binary_info.c.obj
 .binary_info.keep.__bi_ptr44
                0x10002d0c        0x4 CMakeFiles/test.dir/home/master/DEVELOPMENT/pico/pico-sdk/src/rp2_common/pico_standard_link/binary_info.c.obj
 .binary_info.keep.__bi_ptr38
                0x10002d10        0x4 CMakeFiles/test.dir/home/master/DEVELOPMENT/pico/pico-sdk/src/rp2_common/pico_standard_link/binary_info.c.obj
 .binary_info.keep.__bi_ptr30
                0x10002d14        0x4 CMakeFiles/test.dir/home/master/DEVELOPMENT/pico/pico-sdk/src/rp2_common/pico_standard_link/binary_info.c.obj
 .binary_info.keep.__bi_ptr22
                0x10002d18        0x4 CMakeFiles/test.dir/home/master/DEVELOPMENT/pico/pico-sdk/src/rp2_common/pico_standard_link/binary_info.c.obj
 *(.binary_info.*)
 .binary_info.__bi_ptr34
                0x10002d1c        0x4 CMakeFiles/test.dir/home/master/DEVELOPMENT/pico/pico-sdk/src/rp2_common/pico_stdio_uart/stdio_uart.c.obj
 .binary_info.__bi_ptr33
                0x10002d20        0x4 CMakeFiles/test.dir/home/master/DEVELOPMENT/pico/pico-sdk/src/rp2_common/pico_stdio_uart/stdio_uart.c.obj
                0x10002d24                        __binary_info_end = .

.rel.dyn        0x10002d24        0x0
 .rel.iplt      0x10002d24        0x0 /usr/lib/gcc/arm-none-eabi/12.2.1/thumb/v6-m/nofp/crtbegin.o
                0x10002d24                        . = ALIGN (0x4)

.ram_vector_table
                0x20000000       0xc0
 *(.ram_vector_table)
 .ram_vector_table
                0x20000000       0xc0 CMakeFiles/test.dir/home/master/DEVELOPMENT/pico/pico-sdk/src/rp2_common/pico_runtime/runtime.c.obj
                0x20000000                ram_vector_table

.data           0x200000c0      0x254 load address 0x10002d24
                0x200000c0                        __data_start__ = .
 *(vtable)
 *(.time_critical*)
 .time_critical.i2c_slave_irq_handler
                0x200000c0       0x98 CMakeFiles/test.dir/home/master/DEVELOPMENT/pico/pico-sdk/src/rp2_common/pico_i2c_slave/i2c_slave.c.obj
 .time_critical.mutex_try_enter_block_until
                0x20000158       0x9c CMakeFiles/test.dir/home/master/DEVELOPMENT/pico/pico-sdk/src/common/pico_sync/mutex.c.obj
                0x20000158                mutex_try_enter_block_until
 .time_critical.mutex_exit
                0x200001f4       0x28 CMakeFiles/test.dir/home/master/DEVELOPMENT/pico/pico-sdk/src/common/pico_sync/mutex.c.obj
                0x200001f4                mutex_exit
 *(.text*)
 .text          0x2000021c        0x4 /usr/lib/gcc/arm-none-eabi/12.2.1/thumb/v6-m/nofp/libgcc.a(_dvmd_tls.o)
                0x2000021c                __aeabi_ldiv0
                0x2000021c                __aeabi_idiv0
 .text.__stub   0x20000220       0x10 linker stubs
                0x20000230                        . = ALIGN (0x4)
 *(.rodata*)
                0x20000230                        . = ALIGN (0x4)
 *(.data*)
 .data.i2c1_inst
                0x20000230        0x8 CMakeFiles/test.dir/home/master/DEVELOPMENT/pico/pico-sdk/src/rp2_common/hardware_i2c/i2c.c.obj
                0x20000230                i2c1_inst
 .data.i2c0_inst
                0x20000238        0x8 CMakeFiles/test.dir/home/master/DEVELOPMENT/pico/pico-sdk/src/rp2_common/hardware_i2c/i2c.c.obj
                0x20000238                i2c0_inst
 .data.striped_spin_lock_num
                0x20000240        0x1 CMakeFiles/test.dir/home/master/DEVELOPMENT/pico/pico-sdk/src/rp2_common/hardware_sync/sync.c.obj
 *fill*         0x20000241        0x3 
 .data.default_alarm_pool
                0x20000244       0x18 CMakeFiles/test.dir/home/master/DEVELOPMENT/pico/pico-sdk/src/common/pico_time/time.c.obj
 .data.default_alarm_pool_heap
                0x2000025c       0x10 CMakeFiles/test.dir/home/master/DEVELOPMENT/pico/pico-sdk/src/common/pico_time/time.c.obj
 .data          0x2000026c       0x48 CMakeFiles/test.dir/home/master/DEVELOPMENT/pico/pico-sdk/src/rp2_common/hardware_irq/irq_handler_chain.S.obj
                0x2000026c                irq_handler_chain_slots
                0x2000029c                irq_handler_chain_first_slot
                0x200002a6                irq_handler_chain_remove_tail
 *fill*         0x200002b4        0xc 
 .data.aeabi_bits_funcs
                0x200002c0       0x10 CMakeFiles/test.dir/home/master/DEVELOPMENT/pico/pico-sdk/src/rp2_common/pico_bit_ops/bit_ops_aeabi.S.obj
                0x200002c0                aeabi_bits_funcs
                0x200002d0                aeabi_bits_funcs_end
 .data.aeabi_mem_funcs
                0x200002d0       0x10 CMakeFiles/test.dir/home/master/DEVELOPMENT/pico/pico-sdk/src/rp2_common/pico_mem_ops/mem_ops_aeabi.S.obj
                0x200002d0                aeabi_mem_funcs
                0x200002e0                aeabi_mem_funcs_end
 .data.stdio_uart
                0x200002e0       0x18 CMakeFiles/test.dir/home/master/DEVELOPMENT/pico/pico-sdk/src/rp2_common/pico_stdio_uart/stdio_uart.c.obj
                0x200002e0                stdio_uart
                0x200002f8                        . = ALIGN (0x4)
 *(.after_data.*)
                0x200002f8                        . = ALIGN (0x4)
                0x200002f8                        PROVIDE (__mutex_array_start = .)
 *(SORT_BY_NAME(.mutex_array.*))
 *(.mutex_array)
 .mutex_array   0x200002f8        0x8 CMakeFiles/test.dir/home/master/DEVELOPMENT/pico/pico-sdk/src/rp2_common/pico_stdio/stdio.c.obj
                0x20000300                        PROVIDE (__mutex_array_end = .)
                0x20000300                        . = ALIGN (0x4)
                0x20000300                        PROVIDE (__preinit_array_start = .)
 *(SORT_BY_NAME(.preinit_array.*))
 .preinit_array.00001
                0x20000300        0x4 CMakeFiles/test.dir/home/master/DEVELOPMENT/pico/pico-sdk/src/rp2_common/pico_mem_ops/mem_ops_aeabi.S.obj
 .preinit_array.00010
                0x20000304        0x4 CMakeFiles/test.dir/home/master/DEVELOPMENT/pico/pico-sdk/src/rp2_common/pico_bit_ops/bit_ops_aeabi.S.obj
 .preinit_array.00020
                0x20000308        0x4 CMakeFiles/test.dir/home/master/DEVELOPMENT/pico/pico-sdk/src/rp2_common/pico_double/double_aeabi.S.obj
 .preinit_array.00020
                0x2000030c        0x4 CMakeFiles/test.dir/home/master/DEVELOPMENT/pico/pico-sdk/src/rp2_common/pico_float/float_aeabi.S.obj
 *(.preinit_array)
                0x20000310                        PROVIDE (__preinit_array_end = .)
                0x20000310                        . = ALIGN (0x4)
                0x20000310                        PROVIDE (__init_array_start = .)
 *(SORT_BY_NAME(.init_array.*))
 *(.init_array)
 .init_array    0x20000310        0x4 /usr/lib/gcc/arm-none-eabi/12.2.1/thumb/v6-m/nofp/crtbegin.o
                0x20000314                        PROVIDE (__init_array_end = .)
                0x20000314                        . = ALIGN (0x4)
                0x20000314                        PROVIDE (__fini_array_start = .)
 *(SORT_BY_NAME(.fini_array.*))
 *(.fini_array)
                0x20000314                        PROVIDE (__fini_array_end = .)
 *(.jcr)
                0x20000314                        . = ALIGN (0x4)
                0x20000314                        __data_end__ = .
                0x10002d24                        __etext = LOADADDR (.data)

.tm_clone_table
                0x20000314        0x0 load address 0x10002f78
 .tm_clone_table
                0x20000314        0x0 /usr/lib/gcc/arm-none-eabi/12.2.1/thumb/v6-m/nofp/crtbegin.o
 .tm_clone_table
                0x20000314        0x0 /usr/lib/gcc/arm-none-eabi/12.2.1/thumb/v6-m/nofp/crtend.o

.igot.plt       0x20000314        0x0 load address 0x10002f78
 .igot.plt      0x20000314        0x0 /usr/lib/gcc/arm-none-eabi/12.2.1/thumb/v6-m/nofp/crtbegin.o

.uninitialized_data
                0x20000314        0x0 load address 0x10002f78
                0x20000314                        . = ALIGN (0x4)
 *(.uninitialized_data*)

.scratch_x      0x20040000        0x0 load address 0x10002f78
                0x20040000                        __scratch_x_start__ = .
 *(.scratch_x.*)
                0x20040000                        . = ALIGN (0x4)
                0x20040000                        __scratch_x_end__ = .
                0x10002f78                        __scratch_x_source__ = LOADADDR (.scratch_x)

.scratch_y      0x20041000        0x0 load address 0x10002f78
                0x20041000                        __scratch_y_start__ = .
 *(.scratch_y.*)
                0x20041000                        . = ALIGN (0x4)
                0x20041000                        __scratch_y_end__ = .
                0x10002f78                        __scratch_y_source__ = LOADADDR (.scratch_y)

.bss            0x20000318      0x4f0
                0x20000318                        . = ALIGN (0x4)
                0x20000318                        __bss_start__ = .
 *(SORT_BY_ALIGNMENT(SORT_BY_NAME(.bss*)))
 .bss.configured_freq
                0x20000318       0x28 CMakeFiles/test.dir/home/master/DEVELOPMENT/pico/pico-sdk/src/rp2_common/hardware_clocks/clocks.c.obj
 .bss.default_alarm_pool_entries
                0x20000340      0x100 CMakeFiles/test.dir/home/master/DEVELOPMENT/pico/pico-sdk/src/common/pico_time/time.c.obj
 .bss.sd_table  0x20000440      0x100 CMakeFiles/test.dir/home/master/DEVELOPMENT/pico/pico-sdk/src/rp2_common/pico_double/double_init_rom.c.obj
                0x20000440                sd_table
 .bss.sf_table  0x20000540      0x100 CMakeFiles/test.dir/home/master/DEVELOPMENT/pico/pico-sdk/src/rp2_common/pico_float/float_init_rom.c.obj
                0x20000540                sf_table
 .bss           0x20000640       0x1c /usr/lib/gcc/arm-none-eabi/12.2.1/thumb/v6-m/nofp/crtbegin.o
 .bss.alarm_callbacks
                0x2000065c       0x10 CMakeFiles/test.dir/home/master/DEVELOPMENT/pico/pico-sdk/src/rp2_common/hardware_timer/timer.c.obj
 .bss.chars_available_callback
                0x2000066c        0x4 CMakeFiles/test.dir/home/master/DEVELOPMENT/pico/pico-sdk/src/rp2_common/pico_stdio_uart/stdio_uart.c.obj
 .bss.chars_available_param
                0x20000670        0x4 CMakeFiles/test.dir/home/master/DEVELOPMENT/pico/pico-sdk/src/rp2_common/pico_stdio_uart/stdio_uart.c.obj
 .bss.context   0x20000674      0x102 CMakeFiles/test.dir/test.c.obj
 *fill*         0x20000776        0x2 
 .bss.default_alarm_pool_entry_ids_high
                0x20000778       0x10 CMakeFiles/test.dir/home/master/DEVELOPMENT/pico/pico-sdk/src/common/pico_time/time.c.obj
 .bss.default_alarm_pool_heap_nodes
                0x20000788       0x30 CMakeFiles/test.dir/home/master/DEVELOPMENT/pico/pico-sdk/src/common/pico_time/time.c.obj
 .bss.drivers   0x200007b8        0x4 CMakeFiles/test.dir/home/master/DEVELOPMENT/pico/pico-sdk/src/rp2_common/pico_stdio/stdio.c.obj
 .bss.filter    0x200007bc        0x4 CMakeFiles/test.dir/home/master/DEVELOPMENT/pico/pico-sdk/src/rp2_common/pico_stdio/stdio.c.obj
 .bss.i2c_slaves
                0x200007c0       0x10 CMakeFiles/test.dir/home/master/DEVELOPMENT/pico/pico-sdk/src/rp2_common/pico_i2c_slave/i2c_slave.c.obj
 .bss.lazy_vsnprintf
                0x200007d0        0x4 CMakeFiles/test.dir/home/master/DEVELOPMENT/pico/pico-sdk/src/rp2_common/pico_printf/printf.c.obj
 .bss.pools     0x200007d4       0x10 CMakeFiles/test.dir/home/master/DEVELOPMENT/pico/pico-sdk/src/common/pico_time/time.c.obj
 .bss.sf_clz_func
                0x200007e4        0x4 CMakeFiles/test.dir/home/master/DEVELOPMENT/pico/pico-sdk/src/rp2_common/pico_double/double_init_rom.c.obj
                0x200007e4                sf_clz_func
 .bss.sleep_notifier
                0x200007e8        0x4 CMakeFiles/test.dir/home/master/DEVELOPMENT/pico/pico-sdk/src/common/pico_time/time.c.obj
 .bss.target_hi
                0x200007ec       0x10 CMakeFiles/test.dir/home/master/DEVELOPMENT/pico/pico-sdk/src/rp2_common/hardware_timer/timer.c.obj
 .bss.uart_char_to_line_feed
                0x200007fc        0x4 CMakeFiles/test.dir/home/master/DEVELOPMENT/pico/pico-sdk/src/rp2_common/hardware_uart/uart.c.obj
                0x200007fc                uart_char_to_line_feed
 .bss.uart_instance
                0x20000800        0x4 CMakeFiles/test.dir/home/master/DEVELOPMENT/pico/pico-sdk/src/rp2_common/pico_stdio_uart/stdio_uart.c.obj
 .bss.claimed   0x20000804        0x1 CMakeFiles/test.dir/home/master/DEVELOPMENT/pico/pico-sdk/src/rp2_common/hardware_timer/timer.c.obj
 .bss.irq_hander_chain_free_slot_head
                0x20000805        0x1 CMakeFiles/test.dir/home/master/DEVELOPMENT/pico/pico-sdk/src/rp2_common/hardware_irq/irq.c.obj
 .bss.timer_callbacks_pending
                0x20000806        0x1 CMakeFiles/test.dir/home/master/DEVELOPMENT/pico/pico-sdk/src/rp2_common/hardware_timer/timer.c.obj
 *(COMMON)
                0x20000808                        . = ALIGN (0x4)
 *fill*         0x20000807        0x1 
                0x20000808                        __bss_end__ = .

.heap           0x20000808      0x800
                0x20000808                        __end__ = .
                0x20000808                        end = __end__
 *(.heap*)
 .heap          0x20000808      0x800 CMakeFiles/test.dir/home/master/DEVELOPMENT/pico/pico-sdk/src/rp2_common/pico_standard_link/crt0.S.obj
                0x20001008                        __HeapLimit = .

.stack1_dummy
 *(.stack1*)

.stack_dummy    0x20041000      0x800
 *(.stack*)
 .stack         0x20041000      0x800 CMakeFiles/test.dir/home/master/DEVELOPMENT/pico/pico-sdk/src/rp2_common/pico_standard_link/crt0.S.obj

.flash_end      0x10002f78        0x0
                0x10002f78                        PROVIDE (__flash_binary_end = .)
                0x20040000                        __StackLimit = (ORIGIN (RAM) + LENGTH (RAM))
                0x20041000                        __StackOneTop = (ORIGIN (SCRATCH_X) + LENGTH (SCRATCH_X))
                0x20042000                        __StackTop = (ORIGIN (SCRATCH_Y) + LENGTH (SCRATCH_Y))
                0x20041000                        __StackOneBottom = (__StackOneTop - SIZEOF (.stack1_dummy))
                0x20041800                        __StackBottom = (__StackTop - SIZEOF (.stack_dummy))
                0x20042000                        PROVIDE (__stack = __StackTop)
                0x00000001                        ASSERT ((__StackLimit >= __HeapLimit), region RAM overflowed)
                0x00000001                        ASSERT (((__binary_info_header_end - __logical_binary_start) <= 0x100), Binary info must be in first 256 bytes of the binary)
LOAD CMakeFiles/test.dir/test.c.obj
LOAD CMakeFiles/test.dir/home/master/DEVELOPMENT/pico/pico-sdk/src/rp2_common/pico_i2c_slave/i2c_slave.c.obj
LOAD CMakeFiles/test.dir/home/master/DEVELOPMENT/pico/pico-sdk/src/rp2_common/hardware_i2c/i2c.c.obj
LOAD CMakeFiles/test.dir/home/master/DEVELOPMENT/pico/pico-sdk/src/rp2_common/pico_platform/platform.c.obj
LOAD CMakeFiles/test.dir/home/master/DEVELOPMENT/pico/pico-sdk/src/rp2_common/hardware_claim/claim.c.obj
LOAD CMakeFiles/test.dir/home/master/DEVELOPMENT/pico/pico-sdk/src/rp2_common/hardware_sync/sync.c.obj
LOAD CMakeFiles/test.dir/home/master/DEVELOPMENT/pico/pico-sdk/src/common/pico_time/time.c.obj
LOAD CMakeFiles/test.dir/home/master/DEVELOPMENT/pico/pico-sdk/src/common/pico_time/timeout_helper.c.obj
LOAD CMakeFiles/test.dir/home/master/DEVELOPMENT/pico/pico-sdk/src/rp2_common/hardware_timer/timer.c.obj
LOAD CMakeFiles/test.dir/home/master/DEVELOPMENT/pico/pico-sdk/src/rp2_common/hardware_irq/irq.c.obj
LOAD CMakeFiles/test.dir/home/master/DEVELOPMENT/pico/pico-sdk/src/rp2_common/hardware_irq/irq_handler_chain.S.obj
LOAD CMakeFiles/test.dir/home/master/DEVELOPMENT/pico/pico-sdk/src/common/pico_sync/sem.c.obj
LOAD CMakeFiles/test.dir/home/master/DEVELOPMENT/pico/pico-sdk/src/common/pico_sync/lock_core.c.obj
LOAD CMakeFiles/test.dir/home/master/DEVELOPMENT/pico/pico-sdk/src/common/pico_sync/mutex.c.obj
LOAD CMakeFiles/test.dir/home/master/DEVELOPMENT/pico/pico-sdk/src/common/pico_sync/critical_section.c.obj
LOAD CMakeFiles/test.dir/home/master/DEVELOPMENT/pico/pico-sdk/src/common/pico_util/datetime.c.obj
LOAD CMakeFiles/test.dir/home/master/DEVELOPMENT/pico/pico-sdk/src/common/pico_util/pheap.c.obj
LOAD CMakeFiles/test.dir/home/master/DEVELOPMENT/pico/pico-sdk/src/common/pico_util/queue.c.obj
LOAD CMakeFiles/test.dir/home/master/DEVELOPMENT/pico/pico-sdk/src/rp2_common/hardware_clocks/clocks.c.obj
LOAD CMakeFiles/test.dir/home/master/DEVELOPMENT/pico/pico-sdk/src/rp2_common/hardware_gpio/gpio.c.obj
LOAD CMakeFiles/test.dir/home/master/DEVELOPMENT/pico/pico-sdk/src/rp2_common/hardware_pll/pll.c.obj
LOAD CMakeFiles/test.dir/home/master/DEVELOPMENT/pico/pico-sdk/src/rp2_common/hardware_vreg/vreg.c.obj
LOAD CMakeFiles/test.dir/home/master/DEVELOPMENT/pico/pico-sdk/src/rp2_common/hardware_watchdog/watchdog.c.obj
LOAD CMakeFiles/test.dir/home/master/DEVELOPMENT/pico/pico-sdk/src/rp2_common/hardware_xosc/xosc.c.obj
LOAD CMakeFiles/test.dir/home/master/DEVELOPMENT/pico/pico-sdk/src/rp2_common/hardware_adc/adc.c.obj
LOAD CMakeFiles/test.dir/home/master/DEVELOPMENT/pico/pico-sdk/src/rp2_common/pico_stdlib/stdlib.c.obj
LOAD CMakeFiles/test.dir/home/master/DEVELOPMENT/pico/pico-sdk/src/rp2_common/hardware_uart/uart.c.obj
LOAD CMakeFiles/test.dir/home/master/DEVELOPMENT/pico/pico-sdk/src/rp2_common/hardware_divider/divider.S.obj
LOAD CMakeFiles/test.dir/home/master/DEVELOPMENT/pico/pico-sdk/src/rp2_common/pico_runtime/runtime.c.obj
LOAD CMakeFiles/test.dir/home/master/DEVELOPMENT/pico/pico-sdk/src/rp2_common/pico_printf/printf.c.obj
LOAD CMakeFiles/test.dir/home/master/DEVELOPMENT/pico/pico-sdk/src/rp2_common/pico_bit_ops/bit_ops_aeabi.S.obj
LOAD CMakeFiles/test.dir/home/master/DEVELOPMENT/pico/pico-sdk/src/rp2_common/pico_bootrom/bootrom.c.obj
LOAD CMakeFiles/test.dir/home/master/DEVELOPMENT/pico/pico-sdk/src/rp2_common/pico_divider/divider.S.obj
LOAD CMakeFiles/test.dir/home/master/DEVELOPMENT/pico/pico-sdk/src/rp2_common/pico_double/double_aeabi.S.obj
LOAD CMakeFiles/test.dir/home/master/DEVELOPMENT/pico/pico-sdk/src/rp2_common/pico_double/double_init_rom.c.obj
LOAD CMakeFiles/test.dir/home/master/DEVELOPMENT/pico/pico-sdk/src/rp2_common/pico_double/double_math.c.obj
LOAD CMakeFiles/test.dir/home/master/DEVELOPMENT/pico/pico-sdk/src/rp2_common/pico_double/double_v1_rom_shim.S.obj
LOAD CMakeFiles/test.dir/home/master/DEVELOPMENT/pico/pico-sdk/src/rp2_common/pico_int64_ops/pico_int64_ops_aeabi.S.obj
LOAD CMakeFiles/test.dir/home/master/DEVELOPMENT/pico/pico-sdk/src/rp2_common/pico_float/float_aeabi.S.obj
LOAD CMakeFiles/test.dir/home/master/DEVELOPMENT/pico/pico-sdk/src/rp2_common/pico_float/float_init_rom.c.obj
LOAD CMakeFiles/test.dir/home/master/DEVELOPMENT/pico/pico-sdk/src/rp2_common/pico_float/float_math.c.obj
LOAD CMakeFiles/test.dir/home/master/DEVELOPMENT/pico/pico-sdk/src/rp2_common/pico_float/float_v1_rom_shim.S.obj
LOAD CMakeFiles/test.dir/home/master/DEVELOPMENT/pico/pico-sdk/src/rp2_common/pico_malloc/pico_malloc.c.obj
LOAD CMakeFiles/test.dir/home/master/DEVELOPMENT/pico/pico-sdk/src/rp2_common/pico_mem_ops/mem_ops_aeabi.S.obj
LOAD CMakeFiles/test.dir/home/master/DEVELOPMENT/pico/pico-sdk/src/rp2_common/pico_standard_link/crt0.S.obj
LOAD CMakeFiles/test.dir/home/master/DEVELOPMENT/pico/pico-sdk/src/rp2_common/pico_standard_link/new_delete.cpp.obj
LOAD CMakeFiles/test.dir/home/master/DEVELOPMENT/pico/pico-sdk/src/rp2_common/pico_standard_link/binary_info.c.obj
LOAD CMakeFiles/test.dir/home/master/DEVELOPMENT/pico/pico-sdk/src/rp2_common/pico_stdio/stdio.c.obj
LOAD CMakeFiles/test.dir/home/master/DEVELOPMENT/pico/pico-sdk/src/rp2_common/pico_stdio_uart/stdio_uart.c.obj
LOAD /tmp/ccjrjxCF.o
LOAD /usr/lib/gcc/arm-none-eabi/12.2.1/../../../arm-none-eabi/lib/thumb/v6-m/nofp/libstdc++.a
LOAD /usr/lib/gcc/arm-none-eabi/12.2.1/../../../arm-none-eabi/lib/thumb/v6-m/nofp/libm.a
START GROUP
LOAD /usr/lib/gcc/arm-none-eabi/12.2.1/thumb/v6-m/nofp/libgcc.a
LOAD /usr/lib/gcc/arm-none-eabi/12.2.1/../../../arm-none-eabi/lib/thumb/v6-m/nofp/libc.a
END GROUP
START GROUP
LOAD /usr/lib/gcc/arm-none-eabi/12.2.1/thumb/v6-m/nofp/libgcc.a
LOAD /usr/lib/gcc/arm-none-eabi/12.2.1/../../../arm-none-eabi/lib/thumb/v6-m/nofp/libc.a
LOAD /usr/lib/gcc/arm-none-eabi/12.2.1/../../../arm-none-eabi/lib/thumb/v6-m/nofp/libnosys.a
END GROUP
LOAD /usr/lib/gcc/arm-none-eabi/12.2.1/thumb/v6-m/nofp/crtend.o
LOAD /usr/lib/gcc/arm-none-eabi/12.2.1/thumb/v6-m/nofp/crtn.o
OUTPUT(test.elf elf32-littlearm)
LOAD linker stubs

.ARM.attributes
                0x00000000       0x28
 .ARM.attributes
                0x00000000       0x1e /usr/lib/gcc/arm-none-eabi/12.2.1/thumb/v6-m/nofp/crti.o
 .ARM.attributes
                0x0000001e       0x2c /usr/lib/gcc/arm-none-eabi/12.2.1/thumb/v6-m/nofp/crtbegin.o
 .ARM.attributes
                0x0000004a       0x2c CMakeFiles/test.dir/test.c.obj
 .ARM.attributes
                0x00000076       0x2c CMakeFiles/test.dir/home/master/DEVELOPMENT/pico/pico-sdk/src/rp2_common/pico_i2c_slave/i2c_slave.c.obj
 .ARM.attributes
                0x000000a2       0x2c CMakeFiles/test.dir/home/master/DEVELOPMENT/pico/pico-sdk/src/rp2_common/hardware_i2c/i2c.c.obj
 .ARM.attributes
                0x000000ce       0x2c CMakeFiles/test.dir/home/master/DEVELOPMENT/pico/pico-sdk/src/rp2_common/pico_platform/platform.c.obj
 .ARM.attributes
                0x000000fa       0x2c CMakeFiles/test.dir/home/master/DEVELOPMENT/pico/pico-sdk/src/rp2_common/hardware_claim/claim.c.obj
 .ARM.attributes
                0x00000126       0x2c CMakeFiles/test.dir/home/master/DEVELOPMENT/pico/pico-sdk/src/rp2_common/hardware_sync/sync.c.obj
 .ARM.attributes
                0x00000152       0x2c CMakeFiles/test.dir/home/master/DEVELOPMENT/pico/pico-sdk/src/common/pico_time/time.c.obj
 .ARM.attributes
                0x0000017e       0x2c CMakeFiles/test.dir/home/master/DEVELOPMENT/pico/pico-sdk/src/rp2_common/hardware_timer/timer.c.obj
 .ARM.attributes
                0x000001aa       0x2c CMakeFiles/test.dir/home/master/DEVELOPMENT/pico/pico-sdk/src/rp2_common/hardware_irq/irq.c.obj
 .ARM.attributes
                0x000001d6       0x22 CMakeFiles/test.dir/home/master/DEVELOPMENT/pico/pico-sdk/src/rp2_common/hardware_irq/irq_handler_chain.S.obj
 .ARM.attributes
                0x000001f8       0x2c CMakeFiles/test.dir/home/master/DEVELOPMENT/pico/pico-sdk/src/common/pico_sync/lock_core.c.obj
 .ARM.attributes
                0x00000224       0x2c CMakeFiles/test.dir/home/master/DEVELOPMENT/pico/pico-sdk/src/common/pico_sync/mutex.c.obj
 .ARM.attributes
                0x00000250       0x2c CMakeFiles/test.dir/home/master/DEVELOPMENT/pico/pico-sdk/src/common/pico_util/pheap.c.obj
 .ARM.attributes
                0x0000027c       0x2c CMakeFiles/test.dir/home/master/DEVELOPMENT/pico/pico-sdk/src/rp2_common/hardware_clocks/clocks.c.obj
 .ARM.attributes
                0x000002a8       0x2c CMakeFiles/test.dir/home/master/DEVELOPMENT/pico/pico-sdk/src/rp2_common/hardware_gpio/gpio.c.obj
 .ARM.attributes
                0x000002d4       0x2c CMakeFiles/test.dir/home/master/DEVELOPMENT/pico/pico-sdk/src/rp2_common/hardware_pll/pll.c.obj
 .ARM.attributes
                0x00000300       0x2c CMakeFiles/test.dir/home/master/DEVELOPMENT/pico/pico-sdk/src/rp2_common/hardware_watchdog/watchdog.c.obj
 .ARM.attributes
                0x0000032c       0x2c CMakeFiles/test.dir/home/master/DEVELOPMENT/pico/pico-sdk/src/rp2_common/hardware_xosc/xosc.c.obj
 .ARM.attributes
                0x00000358       0x2c CMakeFiles/test.dir/home/master/DEVELOPMENT/pico/pico-sdk/src/rp2_common/hardware_adc/adc.c.obj
 .ARM.attributes
                0x00000384       0x2c CMakeFiles/test.dir/home/master/DEVELOPMENT/pico/pico-sdk/src/rp2_common/hardware_uart/uart.c.obj
 .ARM.attributes
                0x000003b0       0x2c CMakeFiles/test.dir/home/master/DEVELOPMENT/pico/pico-sdk/src/rp2_common/pico_runtime/runtime.c.obj
 .ARM.attributes
                0x000003dc       0x2c CMakeFiles/test.dir/home/master/DEVELOPMENT/pico/pico-sdk/src/rp2_common/pico_printf/printf.c.obj
 .ARM.attributes
                0x00000408       0x22 CMakeFiles/test.dir/home/master/DEVELOPMENT/pico/pico-sdk/src/rp2_common/pico_bit_ops/bit_ops_aeabi.S.obj
 .ARM.attributes
                0x0000042a       0x2c CMakeFiles/test.dir/home/master/DEVELOPMENT/pico/pico-sdk/src/rp2_common/pico_bootrom/bootrom.c.obj
 .ARM.attributes
                0x00000456       0x22 CMakeFiles/test.dir/home/master/DEVELOPMENT/pico/pico-sdk/src/rp2_common/pico_divider/divider.S.obj
 .ARM.attributes
                0x00000478       0x22 CMakeFiles/test.dir/home/master/DEVELOPMENT/pico/pico-sdk/src/rp2_common/pico_double/double_aeabi.S.obj
 .ARM.attributes
                0x0000049a       0x2c CMakeFiles/test.dir/home/master/DEVELOPMENT/pico/pico-sdk/src/rp2_common/pico_double/double_init_rom.c.obj
 .ARM.attributes
                0x000004c6       0x22 CMakeFiles/test.dir/home/master/DEVELOPMENT/pico/pico-sdk/src/rp2_common/pico_double/double_v1_rom_shim.S.obj
 .ARM.attributes
                0x000004e8       0x22 CMakeFiles/test.dir/home/master/DEVELOPMENT/pico/pico-sdk/src/rp2_common/pico_int64_ops/pico_int64_ops_aeabi.S.obj
 .ARM.attributes
                0x0000050a       0x22 CMakeFiles/test.dir/home/master/DEVELOPMENT/pico/pico-sdk/src/rp2_common/pico_float/float_aeabi.S.obj
 .ARM.attributes
                0x0000052c       0x2c CMakeFiles/test.dir/home/master/DEVELOPMENT/pico/pico-sdk/src/rp2_common/pico_float/float_init_rom.c.obj
 .ARM.attributes
                0x00000558       0x22 CMakeFiles/test.dir/home/master/DEVELOPMENT/pico/pico-sdk/src/rp2_common/pico_float/float_v1_rom_shim.S.obj
 .ARM.attributes
                0x0000057a       0x22 CMakeFiles/test.dir/home/master/DEVELOPMENT/pico/pico-sdk/src/rp2_common/pico_mem_ops/mem_ops_aeabi.S.obj
 .ARM.attributes
                0x0000059c       0x22 CMakeFiles/test.dir/home/master/DEVELOPMENT/pico/pico-sdk/src/rp2_common/pico_standard_link/crt0.S.obj
 .ARM.attributes
                0x000005be       0x2c CMakeFiles/test.dir/home/master/DEVELOPMENT/pico/pico-sdk/src/rp2_common/pico_standard_link/binary_info.c.obj
 .ARM.attributes
                0x000005ea       0x2c CMakeFiles/test.dir/home/master/DEVELOPMENT/pico/pico-sdk/src/rp2_common/pico_stdio/stdio.c.obj
 .ARM.attributes
                0x00000616       0x2c CMakeFiles/test.dir/home/master/DEVELOPMENT/pico/pico-sdk/src/rp2_common/pico_stdio_uart/stdio_uart.c.obj
 .ARM.attributes
                0x00000642       0x22 /tmp/ccjrjxCF.o
 .ARM.attributes
                0x00000664       0x1e /usr/lib/gcc/arm-none-eabi/12.2.1/thumb/v6-m/nofp/libgcc.a(_dvmd_tls.o)
 .ARM.attributes
                0x00000682       0x2c /usr/lib/gcc/arm-none-eabi/12.2.1/../../../arm-none-eabi/lib/thumb/v6-m/nofp/libc.a(lib_a-strlen-stub.o)
 .ARM.attributes
                0x000006ae       0x2c /usr/lib/gcc/arm-none-eabi/12.2.1/thumb/v6-m/nofp/crtend.o

.comment        0x00000000       0x59
 .comment       0x00000000       0x26 /usr/lib/gcc/arm-none-eabi/12.2.1/thumb/v6-m/nofp/crtbegin.o
                                 0x27 (size before relaxing)
 .comment       0x00000026       0x27 CMakeFiles/test.dir/test.c.obj
 .comment       0x00000026       0x27 CMakeFiles/test.dir/home/master/DEVELOPMENT/pico/pico-sdk/src/rp2_common/pico_i2c_slave/i2c_slave.c.obj
 .comment       0x00000026       0x27 CMakeFiles/test.dir/home/master/DEVELOPMENT/pico/pico-sdk/src/rp2_common/hardware_i2c/i2c.c.obj
 .comment       0x00000026       0x27 CMakeFiles/test.dir/home/master/DEVELOPMENT/pico/pico-sdk/src/rp2_common/pico_platform/platform.c.obj
 .comment       0x00000026       0x27 CMakeFiles/test.dir/home/master/DEVELOPMENT/pico/pico-sdk/src/rp2_common/hardware_claim/claim.c.obj
 .comment       0x00000026       0x27 CMakeFiles/test.dir/home/master/DEVELOPMENT/pico/pico-sdk/src/rp2_common/hardware_sync/sync.c.obj
 .comment       0x00000026       0x27 CMakeFiles/test.dir/home/master/DEVELOPMENT/pico/pico-sdk/src/common/pico_time/time.c.obj
 .comment       0x00000026       0x27 CMakeFiles/test.dir/home/master/DEVELOPMENT/pico/pico-sdk/src/rp2_common/hardware_timer/timer.c.obj
 .comment       0x00000026       0x27 CMakeFiles/test.dir/home/master/DEVELOPMENT/pico/pico-sdk/src/rp2_common/hardware_irq/irq.c.obj
 .comment       0x00000026       0x27 CMakeFiles/test.dir/home/master/DEVELOPMENT/pico/pico-sdk/src/common/pico_sync/lock_core.c.obj
 .comment       0x00000026       0x27 CMakeFiles/test.dir/home/master/DEVELOPMENT/pico/pico-sdk/src/common/pico_sync/mutex.c.obj
 .comment       0x00000026       0x27 CMakeFiles/test.dir/home/master/DEVELOPMENT/pico/pico-sdk/src/common/pico_util/pheap.c.obj
 .comment       0x00000026       0x27 CMakeFiles/test.dir/home/master/DEVELOPMENT/pico/pico-sdk/src/rp2_common/hardware_clocks/clocks.c.obj
 .comment       0x00000026       0x27 CMakeFiles/test.dir/home/master/DEVELOPMENT/pico/pico-sdk/src/rp2_common/hardware_gpio/gpio.c.obj
 .comment       0x00000026       0x27 CMakeFiles/test.dir/home/master/DEVELOPMENT/pico/pico-sdk/src/rp2_common/hardware_pll/pll.c.obj
 .comment       0x00000026       0x27 CMakeFiles/test.dir/home/master/DEVELOPMENT/pico/pico-sdk/src/rp2_common/hardware_watchdog/watchdog.c.obj
 .comment       0x00000026       0x27 CMakeFiles/test.dir/home/master/DEVELOPMENT/pico/pico-sdk/src/rp2_common/hardware_xosc/xosc.c.obj
 .comment       0x00000026       0x27 CMakeFiles/test.dir/home/master/DEVELOPMENT/pico/pico-sdk/src/rp2_common/hardware_adc/adc.c.obj
 .comment       0x00000026       0x27 CMakeFiles/test.dir/home/master/DEVELOPMENT/pico/pico-sdk/src/rp2_common/hardware_uart/uart.c.obj
 .comment       0x00000026       0x27 CMakeFiles/test.dir/home/master/DEVELOPMENT/pico/pico-sdk/src/rp2_common/pico_runtime/runtime.c.obj
 .comment       0x00000026       0x27 CMakeFiles/test.dir/home/master/DEVELOPMENT/pico/pico-sdk/src/rp2_common/pico_printf/printf.c.obj
 .comment       0x00000026       0x27 CMakeFiles/test.dir/home/master/DEVELOPMENT/pico/pico-sdk/src/rp2_common/pico_bootrom/bootrom.c.obj
 .comment       0x00000026       0x27 CMakeFiles/test.dir/home/master/DEVELOPMENT/pico/pico-sdk/src/rp2_common/pico_double/double_init_rom.c.obj
 .comment       0x00000026       0x27 CMakeFiles/test.dir/home/master/DEVELOPMENT/pico/pico-sdk/src/rp2_common/pico_float/float_init_rom.c.obj
 .comment       0x00000026       0x27 CMakeFiles/test.dir/home/master/DEVELOPMENT/pico/pico-sdk/src/rp2_common/pico_standard_link/binary_info.c.obj
 .comment       0x00000026       0x27 CMakeFiles/test.dir/home/master/DEVELOPMENT/pico/pico-sdk/src/rp2_common/pico_stdio/stdio.c.obj
 .comment       0x00000026       0x27 CMakeFiles/test.dir/home/master/DEVELOPMENT/pico/pico-sdk/src/rp2_common/pico_stdio_uart/stdio_uart.c.obj
 .comment       0x00000026       0x33 /usr/lib/gcc/arm-none-eabi/12.2.1/../../../arm-none-eabi/lib/thumb/v6-m/nofp/libc.a(lib_a-strlen-stub.o)
                                 0x34 (size before relaxing)
 .comment       0x00000059       0x27 /usr/lib/gcc/arm-none-eabi/12.2.1/thumb/v6-m/nofp/crtend.o

.debug_line     0x00000000      0x1bc
 .debug_line    0x00000000       0x4a /usr/lib/gcc/arm-none-eabi/12.2.1/thumb/v6-m/nofp/libgcc.a(_dvmd_tls.o)
 .debug_line    0x0000004a      0x172 /usr/lib/gcc/arm-none-eabi/12.2.1/../../../arm-none-eabi/lib/thumb/v6-m/nofp/libc.a(lib_a-strlen-stub.o)

.debug_line_str
                0x00000000       0x97
 .debug_line_str
                0x00000000       0x97 /usr/lib/gcc/arm-none-eabi/12.2.1/thumb/v6-m/nofp/libgcc.a(_dvmd_tls.o)

.debug_info     0x00000000      0x127
 .debug_info    0x00000000       0x39 /usr/lib/gcc/arm-none-eabi/12.2.1/thumb/v6-m/nofp/libgcc.a(_dvmd_tls.o)
 .debug_info    0x00000039       0xee /usr/lib/gcc/arm-none-eabi/12.2.1/../../../arm-none-eabi/lib/thumb/v6-m/nofp/libc.a(lib_a-strlen-stub.o)

.debug_abbrev   0x00000000       0xae
 .debug_abbrev  0x00000000       0x1f /usr/lib/gcc/arm-none-eabi/12.2.1/thumb/v6-m/nofp/libgcc.a(_dvmd_tls.o)
 .debug_abbrev  0x0000001f       0x8f /usr/lib/gcc/arm-none-eabi/12.2.1/../../../arm-none-eabi/lib/thumb/v6-m/nofp/libc.a(lib_a-strlen-stub.o)

.debug_aranges  0x00000000       0x40
 .debug_aranges
                0x00000000       0x20 /usr/lib/gcc/arm-none-eabi/12.2.1/thumb/v6-m/nofp/libgcc.a(_dvmd_tls.o)
 .debug_aranges
                0x00000020       0x20 /usr/lib/gcc/arm-none-eabi/12.2.1/../../../arm-none-eabi/lib/thumb/v6-m/nofp/libc.a(lib_a-strlen-stub.o)

.debug_str      0x00000000      0x24b
 .debug_str     0x00000000       0xbf /usr/lib/gcc/arm-none-eabi/12.2.1/thumb/v6-m/nofp/libgcc.a(_dvmd_tls.o)
 .debug_str     0x000000bf      0x18c /usr/lib/gcc/arm-none-eabi/12.2.1/../../../arm-none-eabi/lib/thumb/v6-m/nofp/libc.a(lib_a-strlen-stub.o)
                                0x1c5 (size before relaxing)

.debug_loc      0x00000000       0x90
 .debug_loc     0x00000000       0x90 /usr/lib/gcc/arm-none-eabi/12.2.1/../../../arm-none-eabi/lib/thumb/v6-m/nofp/libc.a(lib_a-strlen-stub.o)

.debug_frame    0x00000000       0x28
 .debug_frame   0x00000000       0x28 /usr/lib/gcc/arm-none-eabi/12.2.1/../../../arm-none-eabi/lib/thumb/v6-m/nofp/libc.a(lib_a-strlen-stub.o)
